// Jest Snapshot v1, https://goo.gl/fbAQLP

exports[`Login renders correctly 1`] = `
<Login
  authenticateUser={[MockFunction]}
>
  <div
    className="login"
  >
    <h1>
      Login
    </h1>
    <form>
      <div
        className="form-row"
      >
        <label>
          Username:
          <input
            className="input-username"
            name="username"
            onChange={[Function]}
          />
        </label>
      </div>
      <div
        className="form-row"
      >
        <label>
          Password:
          <input
            className="input-password"
            name="pword"
            onChange={[Function]}
          />
        </label>
      </div>
      <div
        className="form-row"
      >
        <Button
          className="btn-submit"
          onClick={[Function]}
          text="Submit"
          type="submit"
        >
          <button
            className="btn-instance btn-submit"
            onClick={[Function]}
            type="submit"
          >
            Submit
          </button>
        </Button>
      </div>
    </form>
  </div>
</Login>
`;
